[INFO] Scanning for projects...
[INFO] 
[INFO] -----------------------< com.FSD_11:Pet_Sitter >------------------------
[INFO] Building  0.0.1-SNAPSHOT
[INFO]   from pom.xml
[INFO] --------------------------------[ jar ]---------------------------------
[INFO] 
[INFO] >>> spring-boot:4.1.1:run (default-cli) > test-compile @ Pet_Sitter >>>
[INFO] 
[INFO] --- resources:3.5.0:resources (default-resources) @ Pet_Sitter ---
[INFO] Copying 2 resources from src\main\resources to target\classes
[INFO] Copying 0 resource from src\main\resources to target\classes
[INFO] 
[INFO] --- compiler:3.15.0:compile (default-compile) @ Pet_Sitter ---
[INFO] Nothing to compile - all classes are up to date.
[INFO] 
[INFO] --- resources:3.5.0:testResources (default-testResources) @ Pet_Sitter ---
[INFO] skip non existing resourceDirectory D:\final_project_2\Final_Project_pet-sitter-Client_rev\pet-sitter-server\src\test\resources
[INFO] 
[INFO] --- compiler:3.15.0:testCompile (default-testCompile) @ Pet_Sitter ---
[INFO] Nothing to compile - all classes are up to date.
[INFO] 
[INFO] <<< spring-boot:4.1.1:run (default-cli) < test-compile @ Pet_Sitter <<<
[INFO] 
[INFO] 
[INFO] --- spring-boot:4.1.1:run (default-cli) @ Pet_Sitter ---
[INFO] Attaching agents: []

  .   ____          _            __ _ _
 /\\ / ___'_ __ _ _(_)_ __  __ _ \ \ \ \
( ( )\___ | '_ | '_| | '_ \/ _` | \ \ \ \
 \\/  ___)| |_)| | | | | || (_| |  ) ) ) )
  '  |____| .__|_| |_|_| |_\__, | / / / /
 =========|_|==============|___/=/_/_/_/

 :: Spring Boot ::                (v4.1.1)

2026-09-25T15:49:50.721+07:00  INFO 29676 --- [pet-sitter] [           main] c.t.pet_sitter.PetSitterApplication      : Starting PetSitterApplication using Java 25.0.4.1 with PID 29676 (D:\final_project_2\Final_Project_pet-sitter-Client_rev\pet-sitter-server\target\classes started by artch in D:\final_project_2\Final_Project_pet-sitter-Client_rev\pet-sitter-server)
2026-09-25T15:49:50.726+07:00 DEBUG 29676 --- [pet-sitter] [           main] c.t.pet_sitter.PetSitterApplication      : Running with Spring Boot v4.1.1, Spring v7.0.9
2026-09-25T15:49:50.727+07:00  INFO 29676 --- [pet-sitter] [           main] c.t.pet_sitter.PetSitterApplication      : No active profile set, falling back to 1 default profile: "default"
2026-09-25T15:49:52.094+07:00  INFO 29676 --- [pet-sitter] [           main] .s.d.r.c.RepositoryConfigurationDelegate : Bootstrapping Spring Data JPA repositories in DEFAULT mode.
2026-09-25T15:49:52.131+07:00  INFO 29676 --- [pet-sitter] [           main] .s.d.r.c.RepositoryConfigurationDelegate : Finished Spring Data repository scanning in 23 ms. Found 0 JPA repository interfaces.
2026-09-25T15:49:53.195+07:00  INFO 29676 --- [pet-sitter] [           main] o.s.boot.tomcat.TomcatWebServer          : Tomcat initialized with port 8083 (http)
2026-09-25T15:49:53.243+07:00  INFO 29676 --- [pet-sitter] [           main] o.apache.catalina.core.StandardService   : Starting service [Tomcat]
2026-09-25T15:49:53.243+07:00  INFO 29676 --- [pet-sitter] [           main] o.apache.catalina.core.StandardEngine    : Starting Servlet engine: [Apache Tomcat/11.0.24]
2026-09-25T15:49:53.337+07:00  INFO 29676 --- [pet-sitter] [           main] b.w.c.s.WebApplicationContextInitializer : Root WebApplicationContext: initialization completed in 2530 ms
2026-09-25T15:49:53.690+07:00  INFO 29676 --- [pet-sitter] [           main] org.hibernate.orm.jpa                    : HHH008540: Processing PersistenceUnitInfo [name: default]
2026-09-25T15:49:53.783+07:00  INFO 29676 --- [pet-sitter] [           main] org.hibernate.orm.core                   : HHH000001: Hibernate ORM core version 7.4.5.Final
2026-09-25T15:49:54.656+07:00  INFO 29676 --- [pet-sitter] [           main] o.s.o.j.p.SpringPersistenceUnitInfo      : No LoadTimeWeaver setup: ignoring JPA class transformer
2026-09-25T15:49:54.713+07:00  INFO 29676 --- [pet-sitter] [           main] com.zaxxer.hikari.HikariDataSource       : HikariPool-1 - Starting...
2026-09-25T15:49:55.767+07:00  INFO 29676 --- [pet-sitter] [           main] com.zaxxer.hikari.pool.HikariPool        : HikariPool-1 - Added connection org.postgresql.jdbc.PgConnection@4ed19b69
2026-09-25T15:49:55.771+07:00  INFO 29676 --- [pet-sitter] [           main] com.zaxxer.hikari.HikariDataSource       : HikariPool-1 - Start completed.
2026-09-25T15:49:55.864+07:00  WARN 29676 --- [pet-sitter] [           main] org.hibernate.orm.deprecation            : HHH90000025: PostgreSQLDialect does not need to be specified explicitly using 'hibernate.dialect' (remove the property setting and it will be selected by default)
2026-09-25T15:49:56.121+07:00  INFO 29676 --- [pet-sitter] [           main] org.hibernate.orm.connections.pooling    : HHH10001005: Database info:
	Database JDBC URL [jdbc:postgresql://aws-0-ap-southeast-1.pooler.supabase.com:6543/postgres?sslmode=require]
	Database driver: PostgreSQL JDBC Driver
	Database dialect: PostgreSQLDialect
	Database version: 17.6
	Default catalog/schema: postgres/public
	Autocommit mode: undefined/unknown
	Isolation level: READ_COMMITTED [default READ_COMMITTED]
	JDBC fetch size: none
	Pool: DataSourceConnectionProvider
	Minimum pool size: undefined/unknown
	Maximum pool size: undefined/unknown
2026-09-25T15:49:56.589+07:00  INFO 29676 --- [pet-sitter] [           main] org.hibernate.orm.core                   : HHH000489: No JTA platform available (set 'hibernate.transaction.jta.platform' to enable JTA platform integration)
2026-09-25T15:49:56.853+07:00  INFO 29676 --- [pet-sitter] [           main] j.LocalContainerEntityManagerFactoryBean : Initialized JPA EntityManagerFactory for persistence unit 'default'
2026-09-25T15:49:56.912+07:00  WARN 29676 --- [pet-sitter] [           main] ConfigServletWebServerApplicationContext : Exception encountered during context initialization - cancelling refresh attempt: org.springframework.beans.factory.UnsatisfiedDependencyException: Error creating bean with name 'authController' defined in file [D:\final_project_2\Final_Project_pet-sitter-Client_rev\pet-sitter-server\target\classes\com\techup\pet_sitter\controller\AuthController.class]: Unsatisfied dependency expressed through constructor parameter 0: Error creating bean with name 'authSyncService' defined in file [D:\final_project_2\Final_Project_pet-sitter-Client_rev\pet-sitter-server\target\classes\com\techup\pet_sitter\service\AuthSyncService.class]: Unsatisfied dependency expressed through constructor parameter 0: No qualifying bean of type 'com.techup.pet_sitter.repository.UserRepository' available: expected at least 1 bean which qualifies as autowire candidate. Dependency annotations: {}
2026-09-25T15:49:56.914+07:00  INFO 29676 --- [pet-sitter] [           main] j.LocalContainerEntityManagerFactoryBean : Closing JPA EntityManagerFactory for persistence unit 'default'
2026-09-25T15:49:56.919+07:00  INFO 29676 --- [pet-sitter] [           main] com.zaxxer.hikari.HikariDataSource       : HikariPool-1 - Shutdown initiated...
2026-09-25T15:49:57.011+07:00  INFO 29676 --- [pet-sitter] [           main] com.zaxxer.hikari.HikariDataSource       : HikariPool-1 - Shutdown completed.
2026-09-25T15:49:57.017+07:00  INFO 29676 --- [pet-sitter] [           main] o.apache.catalina.core.StandardService   : Stopping service [Tomcat]
2026-09-25T15:49:57.040+07:00  INFO 29676 --- [pet-sitter] [           main] .s.b.a.l.ConditionEvaluationReportLogger : 

Error starting ApplicationContext. To display the condition evaluation report re-run your application with 'debug' enabled.
2026-09-25T15:49:57.068+07:00 ERROR 29676 --- [pet-sitter] [           main] o.s.b.d.LoggingFailureAnalysisReporter   : 

***************************
APPLICATION FAILED TO START
***************************

Description:

Parameter 0 of constructor in com.techup.pet_sitter.service.AuthSyncService required a bean of type 'com.techup.pet_sitter.repository.UserRepository' that could not be found.


Action:

Consider defining a bean of type 'com.techup.pet_sitter.repository.UserRepository' in your configuration.

[INFO] ------------------------------------------------------------------------
[INFO] BUILD FAILURE
[INFO] ------------------------------------------------------------------------
[INFO] Total time:  11.901 s
[INFO] Finished at: 2026-09-25T15:49:57+07:00
[INFO] ------------------------------------------------------------------------
[ERROR] Failed to execute goal org.springframework.boot:spring-boot-maven-plugin:4.1.1:run (default-cli) on project Pet_Sitter: Process terminated with exit code: 1 -> [Help 1]
[ERROR] 
[ERROR] To see the full stack trace of the errors, re-run Maven with the -e switch.
[ERROR] Re-run Maven using the -X switch to enable full debug logging.
[ERROR] 
[ERROR] For more information about the errors and possible solutions, please read the following articles:
[ERROR] [Help 1] http://cwiki.apache.org/confluence/display/MAVEN/MojoExecutionException
